--------------------------------------------------
[TB] Compare DRAM OFMAP vs GOLDEN
[TB] ofmap_base = 0x00202000, bytes = 1024
--------------------------------------------------
Result | Index | Address    | DUT  | Golden
-------|-------|------------|------|-------
[OK ]  |     0 | 0x00202000 | 0xae | 0xae
[OK ]  |     1 | 0x00202001 | 0x60 | 0x60
[OK ]  |     2 | 0x00202002 | 0x03 | 0x03
[OK ]  |     3 | 0x00202003 | 0x00 | 0x00
[OK ]  |     4 | 0x00202004 | 0xfe | 0xfe
[OK ]  |     5 | 0x00202005 | 0x48 | 0x48
[OK ]  |     6 | 0x00202006 | 0xfc | 0xfc
[OK ]  |     7 | 0x00202007 | 0xff | 0xff
[OK ]  |     8 | 0x00202008 | 0xab | 0xab
[OK ]  |     9 | 0x00202009 | 0xaa | 0xaa
[OK ]  |    10 | 0x0020200a | 0xf8 | 0xf8
[OK ]  |    11 | 0x0020200b | 0xff | 0xff
[OK ]  |    12 | 0x0020200c | 0x9c | 0x9c
[OK ]  |    13 | 0x0020200d | 0x5d | 0x5d
[OK ]  |    14 | 0x0020200e | 0x01 | 0x01
[OK ]  |    15 | 0x0020200f | 0x00 | 0x00
[OK ]  |    16 | 0x00202010 | 0xd6 | 0xd6
[OK ]  |    17 | 0x00202011 | 0xb6 | 0xb6
[OK ]  |    18 | 0x00202012 | 0xfa | 0xfa
[OK ]  |    19 | 0x00202013 | 0xff | 0xff
[OK ]  |    20 | 0x00202014 | 0x0e | 0x0e
[OK ]  |    21 | 0x00202015 | 0x88 | 0x88
[OK ]  |    22 | 0x00202016 | 0xfb | 0xfb
[OK ]  |    23 | 0x00202017 | 0xff | 0xff
[OK ]  |    24 | 0x00202018 | 0x30 | 0x30
[OK ]  |    25 | 0x00202019 | 0x50 | 0x50
[OK ]  |    26 | 0x0020201a | 0x06 | 0x06
[OK ]  |    27 | 0x0020201b | 0x00 | 0x00
[OK ]  |    28 | 0x0020201c | 0x6f | 0x6f
[OK ]  |    29 | 0x0020201d | 0xc3 | 0xc3
[OK ]  |    30 | 0x0020201e | 0x05 | 0x05
[OK ]  |    31 | 0x0020201f | 0x00 | 0x00
[OK ]  |    32 | 0x00202020 | 0x19 | 0x19
[OK ]  |    33 | 0x00202021 | 0xf0 | 0xf0
[OK ]  |    34 | 0x00202022 | 0x0c | 0x0c
[OK ]  |    35 | 0x00202023 | 0x00 | 0x00
[OK ]  |    36 | 0x00202024 | 0x9d | 0x9d
[OK ]  |    37 | 0x00202025 | 0xab | 0xab
[OK ]  |    38 | 0x00202026 | 0x06 | 0x06
[OK ]  |    39 | 0x00202027 | 0x00 | 0x00
[OK ]  |    40 | 0x00202028 | 0x88 | 0x88
[OK ]  |    41 | 0x00202029 | 0xfb | 0xfb
[OK ]  |    42 | 0x0020202a | 0xf8 | 0xf8
[OK ]  |    43 | 0x0020202b | 0xff | 0xff
[OK ]  |    44 | 0x0020202c | 0xf4 | 0xf4
[OK ]  |    45 | 0x0020202d | 0x0f | 0x0f
[OK ]  |    46 | 0x0020202e | 0xf7 | 0xf7
[OK ]  |    47 | 0x0020202f | 0xff | 0xff
[OK ]  |    48 | 0x00202030 | 0x6e | 0x6e
[OK ]  |    49 | 0x00202031 | 0xb2 | 0xb2
[OK ]  |    50 | 0x00202032 | 0x02 | 0x02
[OK ]  |    51 | 0x00202033 | 0x00 | 0x00
[OK ]  |    52 | 0x00202034 | 0x09 | 0x09
[OK ]  |    53 | 0x00202035 | 0xaa | 0xaa
[OK ]  |    54 | 0x00202036 | 0x0d | 0x0d
[OK ]  |    55 | 0x00202037 | 0x00 | 0x00
[OK ]  |    56 | 0x00202038 | 0x37 | 0x37
[OK ]  |    57 | 0x00202039 | 0x5b | 0x5b
[OK ]  |    58 | 0x0020203a | 0xfe | 0xfe
[OK ]  |    59 | 0x0020203b | 0xff | 0xff
[OK ]  |    60 | 0x0020203c | 0xfd | 0xfd
[OK ]  |    61 | 0x0020203d | 0x0f | 0x0f
[OK ]  |    62 | 0x0020203e | 0x01 | 0x01
[OK ]  |    63 | 0x0020203f | 0x00 | 0x00
[OK ]  |    64 | 0x00202040 | 0xdb | 0xdb
[OK ]  |    65 | 0x00202041 | 0xe4 | 0xe4
[OK ]  |    66 | 0x00202042 | 0xf8 | 0xf8
[OK ]  |    67 | 0x00202043 | 0xff | 0xff
[OK ]  |    68 | 0x00202044 | 0x97 | 0x97
[OK ]  |    69 | 0x00202045 | 0xe2 | 0xe2
[OK ]  |    70 | 0x00202046 | 0x0e | 0x0e
[OK ]  |    71 | 0x00202047 | 0x00 | 0x00
[OK ]  |    72 | 0x00202048 | 0xe0 | 0xe0
[OK ]  |    73 | 0x00202049 | 0x77 | 0x77
[OK ]  |    74 | 0x0020204a | 0xfe | 0xfe
[OK ]  |    75 | 0x0020204b | 0xff | 0xff
[OK ]  |    76 | 0x0020204c | 0x3d | 0x3d
[OK ]  |    77 | 0x0020204d | 0x10 | 0x10
[OK ]  |    78 | 0x0020204e | 0x03 | 0x03
[OK ]  |    79 | 0x0020204f | 0x00 | 0x00
[OK ]  |    80 | 0x00202050 | 0x22 | 0x22
[OK ]  |    81 | 0x00202051 | 0x1d | 0x1d
[OK ]  |    82 | 0x00202052 | 0x03 | 0x03
[OK ]  |    83 | 0x00202053 | 0x00 | 0x00
[OK ]  |    84 | 0x00202054 | 0xd3 | 0xd3
[OK ]  |    85 | 0x00202055 | 0x4e | 0x4e
[OK ]  |    86 | 0x00202056 | 0x03 | 0x03
[OK ]  |    87 | 0x00202057 | 0x00 | 0x00
[OK ]  |    88 | 0x00202058 | 0xa0 | 0xa0
[OK ]  |    89 | 0x00202059 | 0xa9 | 0xa9
[OK ]  |    90 | 0x0020205a | 0x08 | 0x08
[OK ]  |    91 | 0x0020205b | 0x00 | 0x00
[OK ]  |    92 | 0x0020205c | 0xce | 0xce
[OK ]  |    93 | 0x0020205d | 0x47 | 0x47
[OK ]  |    94 | 0x0020205e | 0x03 | 0x03
[OK ]  |    95 | 0x0020205f | 0x00 | 0x00
[OK ]  |    96 | 0x00202060 | 0x93 | 0x93
[OK ]  |    97 | 0x00202061 | 0x32 | 0x32
[OK ]  |    98 | 0x00202062 | 0x04 | 0x04
[OK ]  |    99 | 0x00202063 | 0x00 | 0x00
[OK ]  |   100 | 0x00202064 | 0x9d | 0x9d
[OK ]  |   101 | 0x00202065 | 0x19 | 0x19
[OK ]  |   102 | 0x00202066 | 0xfb | 0xfb
[OK ]  |   103 | 0x00202067 | 0xff | 0xff
[OK ]  |   104 | 0x00202068 | 0x9b | 0x9b
[OK ]  |   105 | 0x00202069 | 0x72 | 0x72
[OK ]  |   106 | 0x0020206a | 0x0a | 0x0a
[OK ]  |   107 | 0x0020206b | 0x00 | 0x00
[OK ]  |   108 | 0x0020206c | 0xa7 | 0xa7
[OK ]  |   109 | 0x0020206d | 0x7b | 0x7b
[OK ]  |   110 | 0x0020206e | 0xf3 | 0xf3
[OK ]  |   111 | 0x0020206f | 0xff | 0xff
[OK ]  |   112 | 0x00202070 | 0x47 | 0x47
[OK ]  |   113 | 0x00202071 | 0x0d | 0x0d
[OK ]  |   114 | 0x00202072 | 0xff | 0xff
[OK ]  |   115 | 0x00202073 | 0xff | 0xff
[OK ]  |   116 | 0x00202074 | 0xe7 | 0xe7
[OK ]  |   117 | 0x00202075 | 0x4f | 0x4f
[OK ]  |   118 | 0x00202076 | 0xfa | 0xfa
[OK ]  |   119 | 0x00202077 | 0xff | 0xff
[OK ]  |   120 | 0x00202078 | 0x6b | 0x6b
[OK ]  |   121 | 0x00202079 | 0x57 | 0x57
[OK ]  |   122 | 0x0020207a | 0x06 | 0x06
[OK ]  |   123 | 0x0020207b | 0x00 | 0x00
[OK ]  |   124 | 0x0020207c | 0xd2 | 0xd2
[OK ]  |   125 | 0x0020207d | 0xbf | 0xbf
[OK ]  |   126 | 0x0020207e | 0x06 | 0x06
[OK ]  |   127 | 0x0020207f | 0x00 | 0x00
[OK ]  |   128 | 0x00202080 | 0xdc | 0xdc
[OK ]  |   129 | 0x00202081 | 0x31 | 0x31
[OK ]  |   130 | 0x00202082 | 0x00 | 0x00
[OK ]  |   131 | 0x00202083 | 0x00 | 0x00
[OK ]  |   132 | 0x00202084 | 0x30 | 0x30
[OK ]  |   133 | 0x00202085 | 0xf6 | 0xf6
[OK ]  |   134 | 0x00202086 | 0x05 | 0x05
[OK ]  |   135 | 0x00202087 | 0x00 | 0x00
[OK ]  |   136 | 0x00202088 | 0x0c | 0x0c
[OK ]  |   137 | 0x00202089 | 0x30 | 0x30
[OK ]  |   138 | 0x0020208a | 0xfb | 0xfb
[OK ]  |   139 | 0x0020208b | 0xff | 0xff
[OK ]  |   140 | 0x0020208c | 0x90 | 0x90
[OK ]  |   141 | 0x0020208d | 0x8b | 0x8b
[OK ]  |   142 | 0x0020208e | 0xf6 | 0xf6
[OK ]  |   143 | 0x0020208f | 0xff | 0xff
[OK ]  |   144 | 0x00202090 | 0x24 | 0x24
[OK ]  |   145 | 0x00202091 | 0xc3 | 0xc3
[OK ]  |   146 | 0x00202092 | 0xff | 0xff
[OK ]  |   147 | 0x00202093 | 0xff | 0xff
[OK ]  |   148 | 0x00202094 | 0x11 | 0x11
[OK ]  |   149 | 0x00202095 | 0xda | 0xda
[OK ]  |   150 | 0x00202096 | 0xf3 | 0xf3
[OK ]  |   151 | 0x00202097 | 0xff | 0xff
[OK ]  |   152 | 0x00202098 | 0x7b | 0x7b
[OK ]  |   153 | 0x00202099 | 0xc6 | 0xc6
[OK ]  |   154 | 0x0020209a | 0x0a | 0x0a
[OK ]  |   155 | 0x0020209b | 0x00 | 0x00
[OK ]  |   156 | 0x0020209c | 0x17 | 0x17
[OK ]  |   157 | 0x0020209d | 0x91 | 0x91
[OK ]  |   158 | 0x0020209e | 0xf8 | 0xf8
[OK ]  |   159 | 0x0020209f | 0xff | 0xff
[OK ]  |   160 | 0x002020a0 | 0x20 | 0x20
[OK ]  |   161 | 0x002020a1 | 0x6d | 0x6d
[OK ]  |   162 | 0x002020a2 | 0xf5 | 0xf5
[OK ]  |   163 | 0x002020a3 | 0xff | 0xff
[OK ]  |   164 | 0x002020a4 | 0x87 | 0x87
[OK ]  |   165 | 0x002020a5 | 0x66 | 0x66
[OK ]  |   166 | 0x002020a6 | 0xf2 | 0xf2
[OK ]  |   167 | 0x002020a7 | 0xff | 0xff
[OK ]  |   168 | 0x002020a8 | 0x08 | 0x08
[OK ]  |   169 | 0x002020a9 | 0xee | 0xee
[OK ]  |   170 | 0x002020aa | 0xf8 | 0xf8
[OK ]  |   171 | 0x002020ab | 0xff | 0xff
[OK ]  |   172 | 0x002020ac | 0x9c | 0x9c
[OK ]  |   173 | 0x002020ad | 0x7e | 0x7e
[OK ]  |   174 | 0x002020ae | 0x03 | 0x03
[OK ]  |   175 | 0x002020af | 0x00 | 0x00
[OK ]  |   176 | 0x002020b0 | 0x01 | 0x01
[OK ]  |   177 | 0x002020b1 | 0x45 | 0x45
[OK ]  |   178 | 0x002020b2 | 0x04 | 0x04
[OK ]  |   179 | 0x002020b3 | 0x00 | 0x00
[OK ]  |   180 | 0x002020b4 | 0x18 | 0x18
[OK ]  |   181 | 0x002020b5 | 0x03 | 0x03
[OK ]  |   182 | 0x002020b6 | 0x0a | 0x0a
[OK ]  |   183 | 0x002020b7 | 0x00 | 0x00
[OK ]  |   184 | 0x002020b8 | 0x59 | 0x59
[OK ]  |   185 | 0x002020b9 | 0x58 | 0x58
[OK ]  |   186 | 0x002020ba | 0x01 | 0x01
[OK ]  |   187 | 0x002020bb | 0x00 | 0x00
[OK ]  |   188 | 0x002020bc | 0xc6 | 0xc6
[OK ]  |   189 | 0x002020bd | 0x35 | 0x35
[OK ]  |   190 | 0x002020be | 0x06 | 0x06
[OK ]  |   191 | 0x002020bf | 0x00 | 0x00
[OK ]  |   192 | 0x002020c0 | 0x25 | 0x25
[OK ]  |   193 | 0x002020c1 | 0x16 | 0x16
[OK ]  |   194 | 0x002020c2 | 0x07 | 0x07
[OK ]  |   195 | 0x002020c3 | 0x00 | 0x00
[OK ]  |   196 | 0x002020c4 | 0x9a | 0x9a
[OK ]  |   197 | 0x002020c5 | 0x41 | 0x41
[OK ]  |   198 | 0x002020c6 | 0xfe | 0xfe
[OK ]  |   199 | 0x002020c7 | 0xff | 0xff
[OK ]  |   200 | 0x002020c8 | 0x26 | 0x26
[OK ]  |   201 | 0x002020c9 | 0xfe | 0xfe
[OK ]  |   202 | 0x002020ca | 0x06 | 0x06
[OK ]  |   203 | 0x002020cb | 0x00 | 0x00
[OK ]  |   204 | 0x002020cc | 0xb6 | 0xb6
[OK ]  |   205 | 0x002020cd | 0x60 | 0x60
[OK ]  |   206 | 0x002020ce | 0x00 | 0x00
[OK ]  |   207 | 0x002020cf | 0x00 | 0x00
[OK ]  |   208 | 0x002020d0 | 0xc4 | 0xc4
[OK ]  |   209 | 0x002020d1 | 0x55 | 0x55
[OK ]  |   210 | 0x002020d2 | 0x04 | 0x04
[OK ]  |   211 | 0x002020d3 | 0x00 | 0x00
[OK ]  |   212 | 0x002020d4 | 0x8d | 0x8d
[OK ]  |   213 | 0x002020d5 | 0xcf | 0xcf
[OK ]  |   214 | 0x002020d6 | 0xfe | 0xfe
[OK ]  |   215 | 0x002020d7 | 0xff | 0xff
[OK ]  |   216 | 0x002020d8 | 0x50 | 0x50
[OK ]  |   217 | 0x002020d9 | 0x25 | 0x25
[OK ]  |   218 | 0x002020da | 0x01 | 0x01
[OK ]  |   219 | 0x002020db | 0x00 | 0x00
[OK ]  |   220 | 0x002020dc | 0x53 | 0x53
[OK ]  |   221 | 0x002020dd | 0xc1 | 0xc1
[OK ]  |   222 | 0x002020de | 0xfd | 0xfd
[OK ]  |   223 | 0x002020df | 0xff | 0xff
[OK ]  |   224 | 0x002020e0 | 0x1c | 0x1c
[OK ]  |   225 | 0x002020e1 | 0xf1 | 0xf1
[OK ]  |   226 | 0x002020e2 | 0xff | 0xff
[OK ]  |   227 | 0x002020e3 | 0xff | 0xff
[OK ]  |   228 | 0x002020e4 | 0xb2 | 0xb2
[OK ]  |   229 | 0x002020e5 | 0x25 | 0x25
[OK ]  |   230 | 0x002020e6 | 0xf9 | 0xf9
[OK ]  |   231 | 0x002020e7 | 0xff | 0xff
[OK ]  |   232 | 0x002020e8 | 0x3f | 0x3f
[OK ]  |   233 | 0x002020e9 | 0xab | 0xab
[OK ]  |   234 | 0x002020ea | 0x02 | 0x02
[OK ]  |   235 | 0x002020eb | 0x00 | 0x00
[OK ]  |   236 | 0x002020ec | 0x41 | 0x41
[OK ]  |   237 | 0x002020ed | 0x80 | 0x80
[OK ]  |   238 | 0x002020ee | 0xf6 | 0xf6
[OK ]  |   239 | 0x002020ef | 0xff | 0xff
[OK ]  |   240 | 0x002020f0 | 0x4c | 0x4c
[OK ]  |   241 | 0x002020f1 | 0x6b | 0x6b
[OK ]  |   242 | 0x002020f2 | 0xfb | 0xfb
[OK ]  |   243 | 0x002020f3 | 0xff | 0xff
[OK ]  |   244 | 0x002020f4 | 0xdd | 0xdd
[OK ]  |   245 | 0x002020f5 | 0xf3 | 0xf3
[OK ]  |   246 | 0x002020f6 | 0x02 | 0x02
[OK ]  |   247 | 0x002020f7 | 0x00 | 0x00
[OK ]  |   248 | 0x002020f8 | 0xbd | 0xbd
[OK ]  |   249 | 0x002020f9 | 0x94 | 0x94
[OK ]  |   250 | 0x002020fa | 0xf8 | 0xf8
[OK ]  |   251 | 0x002020fb | 0xff | 0xff
[OK ]  |   252 | 0x002020fc | 0x5f | 0x5f
[OK ]  |   253 | 0x002020fd | 0x3d | 0x3d
[OK ]  |   254 | 0x002020fe | 0x02 | 0x02
[OK ]  |   255 | 0x002020ff | 0x00 | 0x00
[OK ]  |   256 | 0x00202100 | 0x47 | 0x47
[OK ]  |   257 | 0x00202101 | 0x8b | 0x8b
[OK ]  |   258 | 0x00202102 | 0xf9 | 0xf9
[OK ]  |   259 | 0x00202103 | 0xff | 0xff
[OK ]  |   260 | 0x00202104 | 0xa4 | 0xa4
[OK ]  |   261 | 0x00202105 | 0x98 | 0x98
[OK ]  |   262 | 0x00202106 | 0x0f | 0x0f
[OK ]  |   263 | 0x00202107 | 0x00 | 0x00
[OK ]  |   264 | 0x00202108 | 0x37 | 0x37
[OK ]  |   265 | 0x00202109 | 0x07 | 0x07
[OK ]  |   266 | 0x0020210a | 0x00 | 0x00
[OK ]  |   267 | 0x0020210b | 0x00 | 0x00
[OK ]  |   268 | 0x0020210c | 0xb0 | 0xb0
[OK ]  |   269 | 0x0020210d | 0x52 | 0x52
[OK ]  |   270 | 0x0020210e | 0x0b | 0x0b
[OK ]  |   271 | 0x0020210f | 0x00 | 0x00
[OK ]  |   272 | 0x00202110 | 0x8c | 0x8c
[OK ]  |   273 | 0x00202111 | 0xff | 0xff
[OK ]  |   274 | 0x00202112 | 0x0e | 0x0e
[OK ]  |   275 | 0x00202113 | 0x00 | 0x00
[OK ]  |   276 | 0x00202114 | 0xa7 | 0xa7
[OK ]  |   277 | 0x00202115 | 0x7d | 0x7d
[OK ]  |   278 | 0x00202116 | 0xf9 | 0xf9
[OK ]  |   279 | 0x00202117 | 0xff | 0xff
[OK ]  |   280 | 0x00202118 | 0x42 | 0x42
[OK ]  |   281 | 0x00202119 | 0xa6 | 0xa6
[OK ]  |   282 | 0x0020211a | 0x06 | 0x06
[OK ]  |   283 | 0x0020211b | 0x00 | 0x00
[OK ]  |   284 | 0x0020211c | 0xcc | 0xcc
[OK ]  |   285 | 0x0020211d | 0x8a | 0x8a
[OK ]  |   286 | 0x0020211e | 0x07 | 0x07
[OK ]  |   287 | 0x0020211f | 0x00 | 0x00
[OK ]  |   288 | 0x00202120 | 0xfc | 0xfc
[OK ]  |   289 | 0x00202121 | 0x69 | 0x69
[OK ]  |   290 | 0x00202122 | 0xfe | 0xfe
[OK ]  |   291 | 0x00202123 | 0xff | 0xff
[OK ]  |   292 | 0x00202124 | 0xbf | 0xbf
[OK ]  |   293 | 0x00202125 | 0x98 | 0x98
[OK ]  |   294 | 0x00202126 | 0xfa | 0xfa
[OK ]  |   295 | 0x00202127 | 0xff | 0xff
[OK ]  |   296 | 0x00202128 | 0xa3 | 0xa3
[OK ]  |   297 | 0x00202129 | 0x97 | 0x97
[OK ]  |   298 | 0x0020212a | 0xfc | 0xfc
[OK ]  |   299 | 0x0020212b | 0xff | 0xff
[OK ]  |   300 | 0x0020212c | 0xa9 | 0xa9
[OK ]  |   301 | 0x0020212d | 0xfb | 0xfb
[OK ]  |   302 | 0x0020212e | 0xfd | 0xfd
[OK ]  |   303 | 0x0020212f | 0xff | 0xff
[OK ]  |   304 | 0x00202130 | 0x22 | 0x22
[OK ]  |   305 | 0x00202131 | 0xd2 | 0xd2
[OK ]  |   306 | 0x00202132 | 0xf8 | 0xf8
[OK ]  |   307 | 0x00202133 | 0xff | 0xff
[OK ]  |   308 | 0x00202134 | 0x99 | 0x99
[OK ]  |   309 | 0x00202135 | 0xd0 | 0xd0
[OK ]  |   310 | 0x00202136 | 0x0a | 0x0a
[OK ]  |   311 | 0x00202137 | 0x00 | 0x00
[OK ]  |   312 | 0x00202138 | 0xcb | 0xcb
[OK ]  |   313 | 0x00202139 | 0x67 | 0x67
[OK ]  |   314 | 0x0020213a | 0xfe | 0xfe
[OK ]  |   315 | 0x0020213b | 0xff | 0xff
[OK ]  |   316 | 0x0020213c | 0x71 | 0x71
[OK ]  |   317 | 0x0020213d | 0x74 | 0x74
[OK ]  |   318 | 0x0020213e | 0x0c | 0x0c
[OK ]  |   319 | 0x0020213f | 0x00 | 0x00
[OK ]  |   320 | 0x00202140 | 0xd7 | 0xd7
[OK ]  |   321 | 0x00202141 | 0x31 | 0x31
[OK ]  |   322 | 0x00202142 | 0x09 | 0x09
[OK ]  |   323 | 0x00202143 | 0x00 | 0x00
[OK ]  |   324 | 0x00202144 | 0x5f | 0x5f
[OK ]  |   325 | 0x00202145 | 0x1b | 0x1b
[OK ]  |   326 | 0x00202146 | 0xfc | 0xfc
[OK ]  |   327 | 0x00202147 | 0xff | 0xff
[OK ]  |   328 | 0x00202148 | 0x18 | 0x18
[OK ]  |   329 | 0x00202149 | 0x7f | 0x7f
[OK ]  |   330 | 0x0020214a | 0xf6 | 0xf6
[OK ]  |   331 | 0x0020214b | 0xff | 0xff
[OK ]  |   332 | 0x0020214c | 0xdb | 0xdb
[OK ]  |   333 | 0x0020214d | 0x40 | 0x40
[OK ]  |   334 | 0x0020214e | 0x0e | 0x0e
[OK ]  |   335 | 0x0020214f | 0x00 | 0x00
[OK ]  |   336 | 0x00202150 | 0xdd | 0xdd
[OK ]  |   337 | 0x00202151 | 0xe7 | 0xe7
[OK ]  |   338 | 0x00202152 | 0x06 | 0x06
[OK ]  |   339 | 0x00202153 | 0x00 | 0x00
[OK ]  |   340 | 0x00202154 | 0x11 | 0x11
[OK ]  |   341 | 0x00202155 | 0xb1 | 0xb1
[OK ]  |   342 | 0x00202156 | 0xf1 | 0xf1
[OK ]  |   343 | 0x00202157 | 0xff | 0xff
[OK ]  |   344 | 0x00202158 | 0x01 | 0x01
[OK ]  |   345 | 0x00202159 | 0xa8 | 0xa8
[OK ]  |   346 | 0x0020215a | 0x04 | 0x04
[OK ]  |   347 | 0x0020215b | 0x00 | 0x00
[OK ]  |   348 | 0x0020215c | 0xdc | 0xdc
[OK ]  |   349 | 0x0020215d | 0xff | 0xff
[OK ]  |   350 | 0x0020215e | 0xf7 | 0xf7
[OK ]  |   351 | 0x0020215f | 0xff | 0xff
[OK ]  |   352 | 0x00202160 | 0xf2 | 0xf2
[OK ]  |   353 | 0x00202161 | 0x5a | 0x5a
[OK ]  |   354 | 0x00202162 | 0xf1 | 0xf1
[OK ]  |   355 | 0x00202163 | 0xff | 0xff
[OK ]  |   356 | 0x00202164 | 0xd9 | 0xd9
[OK ]  |   357 | 0x00202165 | 0xcd | 0xcd
[OK ]  |   358 | 0x00202166 | 0x10 | 0x10
[OK ]  |   359 | 0x00202167 | 0x00 | 0x00
[OK ]  |   360 | 0x00202168 | 0x6f | 0x6f
[OK ]  |   361 | 0x00202169 | 0x85 | 0x85
[OK ]  |   362 | 0x0020216a | 0x00 | 0x00
[OK ]  |   363 | 0x0020216b | 0x00 | 0x00
[OK ]  |   364 | 0x0020216c | 0x4e | 0x4e
[OK ]  |   365 | 0x0020216d | 0x20 | 0x20
[OK ]  |   366 | 0x0020216e | 0x01 | 0x01
[OK ]  |   367 | 0x0020216f | 0x00 | 0x00
[OK ]  |   368 | 0x00202170 | 0x34 | 0x34
[OK ]  |   369 | 0x00202171 | 0x0a | 0x0a
[OK ]  |   370 | 0x00202172 | 0xff | 0xff
[OK ]  |   371 | 0x00202173 | 0xff | 0xff
[OK ]  |   372 | 0x00202174 | 0x93 | 0x93
[OK ]  |   373 | 0x00202175 | 0x01 | 0x01
[OK ]  |   374 | 0x00202176 | 0x01 | 0x01
[OK ]  |   375 | 0x00202177 | 0x00 | 0x00
[OK ]  |   376 | 0x00202178 | 0x03 | 0x03
[OK ]  |   377 | 0x00202179 | 0xe2 | 0xe2
[OK ]  |   378 | 0x0020217a | 0xfc | 0xfc
[OK ]  |   379 | 0x0020217b | 0xff | 0xff
[OK ]  |   380 | 0x0020217c | 0xc2 | 0xc2
[OK ]  |   381 | 0x0020217d | 0xb0 | 0xb0
[OK ]  |   382 | 0x0020217e | 0xfa | 0xfa
[OK ]  |   383 | 0x0020217f | 0xff | 0xff
[OK ]  |   384 | 0x00202180 | 0x72 | 0x72
[OK ]  |   385 | 0x00202181 | 0x22 | 0x22
[OK ]  |   386 | 0x00202182 | 0x09 | 0x09
[OK ]  |   387 | 0x00202183 | 0x00 | 0x00
[OK ]  |   388 | 0x00202184 | 0x5c | 0x5c
[OK ]  |   389 | 0x00202185 | 0xd0 | 0xd0
[OK ]  |   390 | 0x00202186 | 0x0c | 0x0c
[OK ]  |   391 | 0x00202187 | 0x00 | 0x00
[OK ]  |   392 | 0x00202188 | 0xed | 0xed
[OK ]  |   393 | 0x00202189 | 0xae | 0xae
[OK ]  |   394 | 0x0020218a | 0xfd | 0xfd
[OK ]  |   395 | 0x0020218b | 0xff | 0xff
[OK ]  |   396 | 0x0020218c | 0xb0 | 0xb0
[OK ]  |   397 | 0x0020218d | 0xf7 | 0xf7
[OK ]  |   398 | 0x0020218e | 0x03 | 0x03
[OK ]  |   399 | 0x0020218f | 0x00 | 0x00
[OK ]  |   400 | 0x00202190 | 0xe2 | 0xe2
[OK ]  |   401 | 0x00202191 | 0x91 | 0x91
[OK ]  |   402 | 0x00202192 | 0x0a | 0x0a
[OK ]  |   403 | 0x00202193 | 0x00 | 0x00
[OK ]  |   404 | 0x00202194 | 0x7c | 0x7c
[OK ]  |   405 | 0x00202195 | 0x11 | 0x11
[OK ]  |   406 | 0x00202196 | 0xff | 0xff
[OK ]  |   407 | 0x00202197 | 0xff | 0xff
[OK ]  |   408 | 0x00202198 | 0x10 | 0x10
[OK ]  |   409 | 0x00202199 | 0x17 | 0x17
[OK ]  |   410 | 0x0020219a | 0xf9 | 0xf9
[OK ]  |   411 | 0x0020219b | 0xff | 0xff
[OK ]  |   412 | 0x0020219c | 0x59 | 0x59
[OK ]  |   413 | 0x0020219d | 0x42 | 0x42
[OK ]  |   414 | 0x0020219e | 0x03 | 0x03
[OK ]  |   415 | 0x0020219f | 0x00 | 0x00
[OK ]  |   416 | 0x002021a0 | 0x1d | 0x1d
[OK ]  |   417 | 0x002021a1 | 0x88 | 0x88
[OK ]  |   418 | 0x002021a2 | 0xf6 | 0xf6
[OK ]  |   419 | 0x002021a3 | 0xff | 0xff
[OK ]  |   420 | 0x002021a4 | 0x8f | 0x8f
[OK ]  |   421 | 0x002021a5 | 0x7b | 0x7b
[OK ]  |   422 | 0x002021a6 | 0xfc | 0xfc
[OK ]  |   423 | 0x002021a7 | 0xff | 0xff
[OK ]  |   424 | 0x002021a8 | 0x23 | 0x23
[OK ]  |   425 | 0x002021a9 | 0x7d | 0x7d
[OK ]  |   426 | 0x002021aa | 0xfb | 0xfb
[OK ]  |   427 | 0x002021ab | 0xff | 0xff
[OK ]  |   428 | 0x002021ac | 0xa8 | 0xa8
[OK ]  |   429 | 0x002021ad | 0xea | 0xea
[OK ]  |   430 | 0x002021ae | 0x03 | 0x03
[OK ]  |   431 | 0x002021af | 0x00 | 0x00
[OK ]  |   432 | 0x002021b0 | 0x17 | 0x17
[OK ]  |   433 | 0x002021b1 | 0xfc | 0xfc
[OK ]  |   434 | 0x002021b2 | 0xf9 | 0xf9
[OK ]  |   435 | 0x002021b3 | 0xff | 0xff
[OK ]  |   436 | 0x002021b4 | 0x25 | 0x25
[OK ]  |   437 | 0x002021b5 | 0x5d | 0x5d
[OK ]  |   438 | 0x002021b6 | 0xf6 | 0xf6
[OK ]  |   439 | 0x002021b7 | 0xff | 0xff
[OK ]  |   440 | 0x002021b8 | 0x64 | 0x64
[OK ]  |   441 | 0x002021b9 | 0xe7 | 0xe7
[OK ]  |   442 | 0x002021ba | 0x08 | 0x08
[OK ]  |   443 | 0x002021bb | 0x00 | 0x00
[OK ]  |   444 | 0x002021bc | 0x3e | 0x3e
[OK ]  |   445 | 0x002021bd | 0x11 | 0x11
[OK ]  |   446 | 0x002021be | 0x03 | 0x03
[OK ]  |   447 | 0x002021bf | 0x00 | 0x00
[OK ]  |   448 | 0x002021c0 | 0x1a | 0x1a
[OK ]  |   449 | 0x002021c1 | 0x1f | 0x1f
[OK ]  |   450 | 0x002021c2 | 0xf8 | 0xf8
[OK ]  |   451 | 0x002021c3 | 0xff | 0xff
[OK ]  |   452 | 0x002021c4 | 0x81 | 0x81
[OK ]  |   453 | 0x002021c5 | 0x12 | 0x12
[OK ]  |   454 | 0x002021c6 | 0x07 | 0x07
[OK ]  |   455 | 0x002021c7 | 0x00 | 0x00
[OK ]  |   456 | 0x002021c8 | 0x28 | 0x28
[OK ]  |   457 | 0x002021c9 | 0x9d | 0x9d
[OK ]  |   458 | 0x002021ca | 0x04 | 0x04
[OK ]  |   459 | 0x002021cb | 0x00 | 0x00
[OK ]  |   460 | 0x002021cc | 0x06 | 0x06
[OK ]  |   461 | 0x002021cd | 0xa6 | 0xa6
[OK ]  |   462 | 0x002021ce | 0x03 | 0x03
[OK ]  |   463 | 0x002021cf | 0x00 | 0x00
[OK ]  |   464 | 0x002021d0 | 0x48 | 0x48
[OK ]  |   465 | 0x002021d1 | 0x72 | 0x72
[OK ]  |   466 | 0x002021d2 | 0xf9 | 0xf9
[OK ]  |   467 | 0x002021d3 | 0xff | 0xff
[OK ]  |   468 | 0x002021d4 | 0x61 | 0x61
[OK ]  |   469 | 0x002021d5 | 0x87 | 0x87
[OK ]  |   470 | 0x002021d6 | 0xfc | 0xfc
[OK ]  |   471 | 0x002021d7 | 0xff | 0xff
[OK ]  |   472 | 0x002021d8 | 0xd7 | 0xd7
[OK ]  |   473 | 0x002021d9 | 0x6a | 0x6a
[OK ]  |   474 | 0x002021da | 0xfa | 0xfa
[OK ]  |   475 | 0x002021db | 0xff | 0xff
[OK ]  |   476 | 0x002021dc | 0x1d | 0x1d
[OK ]  |   477 | 0x002021dd | 0x60 | 0x60
[OK ]  |   478 | 0x002021de | 0xff | 0xff
[OK ]  |   479 | 0x002021df | 0xff | 0xff
[OK ]  |   480 | 0x002021e0 | 0x21 | 0x21
[OK ]  |   481 | 0x002021e1 | 0xe0 | 0xe0
[OK ]  |   482 | 0x002021e2 | 0xf3 | 0xf3
[OK ]  |   483 | 0x002021e3 | 0xff | 0xff
[OK ]  |   484 | 0x002021e4 | 0x9e | 0x9e
[OK ]  |   485 | 0x002021e5 | 0x63 | 0x63
[OK ]  |   486 | 0x002021e6 | 0xfb | 0xfb
[OK ]  |   487 | 0x002021e7 | 0xff | 0xff
[OK ]  |   488 | 0x002021e8 | 0xfd | 0xfd
[OK ]  |   489 | 0x002021e9 | 0x0a | 0x0a
[OK ]  |   490 | 0x002021ea | 0xf1 | 0xf1
[OK ]  |   491 | 0x002021eb | 0xff | 0xff
[OK ]  |   492 | 0x002021ec | 0xd6 | 0xd6
[OK ]  |   493 | 0x002021ed | 0xaa | 0xaa
[OK ]  |   494 | 0x002021ee | 0x03 | 0x03
[OK ]  |   495 | 0x002021ef | 0x00 | 0x00
[OK ]  |   496 | 0x002021f0 | 0xc4 | 0xc4
[OK ]  |   497 | 0x002021f1 | 0xbb | 0xbb
[OK ]  |   498 | 0x002021f2 | 0xfa | 0xfa
[OK ]  |   499 | 0x002021f3 | 0xff | 0xff
[OK ]  |   500 | 0x002021f4 | 0x81 | 0x81
[OK ]  |   501 | 0x002021f5 | 0xea | 0xea
[OK ]  |   502 | 0x002021f6 | 0x02 | 0x02
[OK ]  |   503 | 0x002021f7 | 0x00 | 0x00
[OK ]  |   504 | 0x002021f8 | 0x97 | 0x97
[OK ]  |   505 | 0x002021f9 | 0x52 | 0x52
[OK ]  |   506 | 0x002021fa | 0x00 | 0x00
[OK ]  |   507 | 0x002021fb | 0x00 | 0x00
[OK ]  |   508 | 0x002021fc | 0xde | 0xde
[OK ]  |   509 | 0x002021fd | 0x2e | 0x2e
[OK ]  |   510 | 0x002021fe | 0x01 | 0x01
[OK ]  |   511 | 0x002021ff | 0x00 | 0x00
[OK ]  |   512 | 0x00202200 | 0xa3 | 0xa3
[OK ]  |   513 | 0x00202201 | 0x2e | 0x2e
[OK ]  |   514 | 0x00202202 | 0x0a | 0x0a
[OK ]  |   515 | 0x00202203 | 0x00 | 0x00
[OK ]  |   516 | 0x00202204 | 0x41 | 0x41
[OK ]  |   517 | 0x00202205 | 0x49 | 0x49
[OK ]  |   518 | 0x00202206 | 0x11 | 0x11
[OK ]  |   519 | 0x00202207 | 0x00 | 0x00
[OK ]  |   520 | 0x00202208 | 0x48 | 0x48
[OK ]  |   521 | 0x00202209 | 0x7c | 0x7c
[OK ]  |   522 | 0x0020220a | 0x03 | 0x03
[OK ]  |   523 | 0x0020220b | 0x00 | 0x00
[OK ]  |   524 | 0x0020220c | 0x76 | 0x76
[OK ]  |   525 | 0x0020220d | 0xe2 | 0xe2
[OK ]  |   526 | 0x0020220e | 0xe9 | 0xe9
[OK ]  |   527 | 0x0020220f | 0xff | 0xff
[OK ]  |   528 | 0x00202210 | 0xa5 | 0xa5
[OK ]  |   529 | 0x00202211 | 0x04 | 0x04
[OK ]  |   530 | 0x00202212 | 0xff | 0xff
[OK ]  |   531 | 0x00202213 | 0xff | 0xff
[OK ]  |   532 | 0x00202214 | 0x15 | 0x15
[OK ]  |   533 | 0x00202215 | 0x98 | 0x98
[OK ]  |   534 | 0x00202216 | 0x01 | 0x01
[OK ]  |   535 | 0x00202217 | 0x00 | 0x00
[OK ]  |   536 | 0x00202218 | 0x7e | 0x7e
[OK ]  |   537 | 0x00202219 | 0x54 | 0x54
[OK ]  |   538 | 0x0020221a | 0x03 | 0x03
[OK ]  |   539 | 0x0020221b | 0x00 | 0x00
[OK ]  |   540 | 0x0020221c | 0x1f | 0x1f
[OK ]  |   541 | 0x0020221d | 0xf7 | 0xf7
[OK ]  |   542 | 0x0020221e | 0x06 | 0x06
[OK ]  |   543 | 0x0020221f | 0x00 | 0x00
[OK ]  |   544 | 0x00202220 | 0x9e | 0x9e
[OK ]  |   545 | 0x00202221 | 0x8e | 0x8e
[OK ]  |   546 | 0x00202222 | 0x16 | 0x16
[OK ]  |   547 | 0x00202223 | 0x00 | 0x00
[OK ]  |   548 | 0x00202224 | 0x22 | 0x22
[OK ]  |   549 | 0x00202225 | 0x66 | 0x66
[OK ]  |   550 | 0x00202226 | 0x08 | 0x08
[OK ]  |   551 | 0x00202227 | 0x00 | 0x00
[OK ]  |   552 | 0x00202228 | 0xd9 | 0xd9
[OK ]  |   553 | 0x00202229 | 0x0f | 0x0f
[OK ]  |   554 | 0x0020222a | 0x00 | 0x00
[OK ]  |   555 | 0x0020222b | 0x00 | 0x00
[OK ]  |   556 | 0x0020222c | 0x72 | 0x72
[OK ]  |   557 | 0x0020222d | 0x6c | 0x6c
[OK ]  |   558 | 0x0020222e | 0x09 | 0x09
[OK ]  |   559 | 0x0020222f | 0x00 | 0x00
[OK ]  |   560 | 0x00202230 | 0x73 | 0x73
[OK ]  |   561 | 0x00202231 | 0x17 | 0x17
[OK ]  |   562 | 0x00202232 | 0x03 | 0x03
[OK ]  |   563 | 0x00202233 | 0x00 | 0x00
[OK ]  |   564 | 0x00202234 | 0xfd | 0xfd
[OK ]  |   565 | 0x00202235 | 0x5d | 0x5d
[OK ]  |   566 | 0x00202236 | 0x01 | 0x01
[OK ]  |   567 | 0x00202237 | 0x00 | 0x00
[OK ]  |   568 | 0x00202238 | 0x6e | 0x6e
[OK ]  |   569 | 0x00202239 | 0xd7 | 0xd7
[OK ]  |   570 | 0x0020223a | 0xf1 | 0xf1
[OK ]  |   571 | 0x0020223b | 0xff | 0xff
[OK ]  |   572 | 0x0020223c | 0x52 | 0x52
[OK ]  |   573 | 0x0020223d | 0xd2 | 0xd2
[OK ]  |   574 | 0x0020223e | 0xfc | 0xfc
[OK ]  |   575 | 0x0020223f | 0xff | 0xff
[OK ]  |   576 | 0x00202240 | 0xb2 | 0xb2
[OK ]  |   577 | 0x00202241 | 0xf1 | 0xf1
[OK ]  |   578 | 0x00202242 | 0x00 | 0x00
[OK ]  |   579 | 0x00202243 | 0x00 | 0x00
[OK ]  |   580 | 0x00202244 | 0x00 | 0x00
[OK ]  |   581 | 0x00202245 | 0xb5 | 0xb5
[OK ]  |   582 | 0x00202246 | 0xfb | 0xfb
[OK ]  |   583 | 0x00202247 | 0xff | 0xff
[OK ]  |   584 | 0x00202248 | 0xe0 | 0xe0
[OK ]  |   585 | 0x00202249 | 0x43 | 0x43
[OK ]  |   586 | 0x0020224a | 0x06 | 0x06
[OK ]  |   587 | 0x0020224b | 0x00 | 0x00
[OK ]  |   588 | 0x0020224c | 0x37 | 0x37
[OK ]  |   589 | 0x0020224d | 0x2d | 0x2d
[OK ]  |   590 | 0x0020224e | 0xfa | 0xfa
[OK ]  |   591 | 0x0020224f | 0xff | 0xff
[OK ]  |   592 | 0x00202250 | 0x6e | 0x6e
[OK ]  |   593 | 0x00202251 | 0x9a | 0x9a
[OK ]  |   594 | 0x00202252 | 0xfd | 0xfd
[OK ]  |   595 | 0x00202253 | 0xff | 0xff
[OK ]  |   596 | 0x00202254 | 0x8f | 0x8f
[OK ]  |   597 | 0x00202255 | 0x5c | 0x5c
[OK ]  |   598 | 0x00202256 | 0x06 | 0x06
[OK ]  |   599 | 0x00202257 | 0x00 | 0x00
[OK ]  |   600 | 0x00202258 | 0x4c | 0x4c
[OK ]  |   601 | 0x00202259 | 0xf5 | 0xf5
[OK ]  |   602 | 0x0020225a | 0xf1 | 0xf1
[OK ]  |   603 | 0x0020225b | 0xff | 0xff
[OK ]  |   604 | 0x0020225c | 0x7d | 0x7d
[OK ]  |   605 | 0x0020225d | 0x09 | 0x09
[OK ]  |   606 | 0x0020225e | 0x0b | 0x0b
[OK ]  |   607 | 0x0020225f | 0x00 | 0x00
[OK ]  |   608 | 0x00202260 | 0x2f | 0x2f
[OK ]  |   609 | 0x00202261 | 0x92 | 0x92
[OK ]  |   610 | 0x00202262 | 0x01 | 0x01
[OK ]  |   611 | 0x00202263 | 0x00 | 0x00
[OK ]  |   612 | 0x00202264 | 0x6e | 0x6e
[OK ]  |   613 | 0x00202265 | 0x78 | 0x78
[OK ]  |   614 | 0x00202266 | 0xf8 | 0xf8
[OK ]  |   615 | 0x00202267 | 0xff | 0xff
[OK ]  |   616 | 0x00202268 | 0x2b | 0x2b
[OK ]  |   617 | 0x00202269 | 0x0b | 0x0b
[OK ]  |   618 | 0x0020226a | 0x02 | 0x02
[OK ]  |   619 | 0x0020226b | 0x00 | 0x00
[OK ]  |   620 | 0x0020226c | 0x6e | 0x6e
[OK ]  |   621 | 0x0020226d | 0xbf | 0xbf
[OK ]  |   622 | 0x0020226e | 0xf8 | 0xf8
[OK ]  |   623 | 0x0020226f | 0xff | 0xff
[OK ]  |   624 | 0x00202270 | 0x5f | 0x5f
[OK ]  |   625 | 0x00202271 | 0x4b | 0x4b
[OK ]  |   626 | 0x00202272 | 0xfa | 0xfa
[OK ]  |   627 | 0x00202273 | 0xff | 0xff
[OK ]  |   628 | 0x00202274 | 0x55 | 0x55
[OK ]  |   629 | 0x00202275 | 0x79 | 0x79
[OK ]  |   630 | 0x00202276 | 0x11 | 0x11
[OK ]  |   631 | 0x00202277 | 0x00 | 0x00
[OK ]  |   632 | 0x00202278 | 0x86 | 0x86
[OK ]  |   633 | 0x00202279 | 0xa9 | 0xa9
[OK ]  |   634 | 0x0020227a | 0xf0 | 0xf0
[OK ]  |   635 | 0x0020227b | 0xff | 0xff
[OK ]  |   636 | 0x0020227c | 0x6c | 0x6c
[OK ]  |   637 | 0x0020227d | 0x69 | 0x69
[OK ]  |   638 | 0x0020227e | 0x01 | 0x01
[OK ]  |   639 | 0x0020227f | 0x00 | 0x00
[OK ]  |   640 | 0x00202280 | 0x99 | 0x99
[OK ]  |   641 | 0x00202281 | 0x52 | 0x52
[OK ]  |   642 | 0x00202282 | 0xfd | 0xfd
[OK ]  |   643 | 0x00202283 | 0xff | 0xff
[OK ]  |   644 | 0x00202284 | 0xfb | 0xfb
[OK ]  |   645 | 0x00202285 | 0xaa | 0xaa
[OK ]  |   646 | 0x00202286 | 0xff | 0xff
[OK ]  |   647 | 0x00202287 | 0xff | 0xff
[OK ]  |   648 | 0x00202288 | 0x07 | 0x07
[OK ]  |   649 | 0x00202289 | 0xf0 | 0xf0
[OK ]  |   650 | 0x0020228a | 0xf8 | 0xf8
[OK ]  |   651 | 0x0020228b | 0xff | 0xff
[OK ]  |   652 | 0x0020228c | 0x01 | 0x01
[OK ]  |   653 | 0x0020228d | 0x73 | 0x73
[OK ]  |   654 | 0x0020228e | 0xfc | 0xfc
[OK ]  |   655 | 0x0020228f | 0xff | 0xff
[OK ]  |   656 | 0x00202290 | 0x61 | 0x61
[OK ]  |   657 | 0x00202291 | 0x81 | 0x81
[OK ]  |   658 | 0x00202292 | 0x01 | 0x01
[OK ]  |   659 | 0x00202293 | 0x00 | 0x00
[OK ]  |   660 | 0x00202294 | 0x20 | 0x20
[OK ]  |   661 | 0x00202295 | 0xef | 0xef
[OK ]  |   662 | 0x00202296 | 0xf7 | 0xf7
[OK ]  |   663 | 0x00202297 | 0xff | 0xff
[OK ]  |   664 | 0x00202298 | 0xb5 | 0xb5
[OK ]  |   665 | 0x00202299 | 0xfd | 0xfd
[OK ]  |   666 | 0x0020229a | 0xfa | 0xfa
[OK ]  |   667 | 0x0020229b | 0xff | 0xff
[OK ]  |   668 | 0x0020229c | 0x48 | 0x48
[OK ]  |   669 | 0x0020229d | 0x93 | 0x93
[OK ]  |   670 | 0x0020229e | 0x05 | 0x05
[OK ]  |   671 | 0x0020229f | 0x00 | 0x00
[OK ]  |   672 | 0x002022a0 | 0xae | 0xae
[OK ]  |   673 | 0x002022a1 | 0x14 | 0x14
[OK ]  |   674 | 0x002022a2 | 0xfd | 0xfd
[OK ]  |   675 | 0x002022a3 | 0xff | 0xff
[OK ]  |   676 | 0x002022a4 | 0xff | 0xff
[OK ]  |   677 | 0x002022a5 | 0x2c | 0x2c
[OK ]  |   678 | 0x002022a6 | 0x06 | 0x06
[OK ]  |   679 | 0x002022a7 | 0x00 | 0x00
[OK ]  |   680 | 0x002022a8 | 0xc8 | 0xc8
[OK ]  |   681 | 0x002022a9 | 0x2c | 0x2c
[OK ]  |   682 | 0x002022aa | 0xfc | 0xfc
[OK ]  |   683 | 0x002022ab | 0xff | 0xff
[OK ]  |   684 | 0x002022ac | 0xab | 0xab
[OK ]  |   685 | 0x002022ad | 0xb4 | 0xb4
[OK ]  |   686 | 0x002022ae | 0xfe | 0xfe
[OK ]  |   687 | 0x002022af | 0xff | 0xff
[OK ]  |   688 | 0x002022b0 | 0xc9 | 0xc9
[OK ]  |   689 | 0x002022b1 | 0xc3 | 0xc3
[OK ]  |   690 | 0x002022b2 | 0x09 | 0x09
[OK ]  |   691 | 0x002022b3 | 0x00 | 0x00
[OK ]  |   692 | 0x002022b4 | 0xd9 | 0xd9
[OK ]  |   693 | 0x002022b5 | 0xc1 | 0xc1
[OK ]  |   694 | 0x002022b6 | 0xfe | 0xfe
[OK ]  |   695 | 0x002022b7 | 0xff | 0xff
[OK ]  |   696 | 0x002022b8 | 0x8c | 0x8c
[OK ]  |   697 | 0x002022b9 | 0x33 | 0x33
[OK ]  |   698 | 0x002022ba | 0x09 | 0x09
[OK ]  |   699 | 0x002022bb | 0x00 | 0x00
[OK ]  |   700 | 0x002022bc | 0xb0 | 0xb0
[OK ]  |   701 | 0x002022bd | 0x6a | 0x6a
[OK ]  |   702 | 0x002022be | 0xfa | 0xfa
[OK ]  |   703 | 0x002022bf | 0xff | 0xff
[OK ]  |   704 | 0x002022c0 | 0xd0 | 0xd0
[OK ]  |   705 | 0x002022c1 | 0xb0 | 0xb0
[OK ]  |   706 | 0x002022c2 | 0xf2 | 0xf2
[OK ]  |   707 | 0x002022c3 | 0xff | 0xff
[OK ]  |   708 | 0x002022c4 | 0xd6 | 0xd6
[OK ]  |   709 | 0x002022c5 | 0x01 | 0x01
[OK ]  |   710 | 0x002022c6 | 0xfa | 0xfa
[OK ]  |   711 | 0x002022c7 | 0xff | 0xff
[OK ]  |   712 | 0x002022c8 | 0x1d | 0x1d
[OK ]  |   713 | 0x002022c9 | 0x9b | 0x9b
[OK ]  |   714 | 0x002022ca | 0xfc | 0xfc
[OK ]  |   715 | 0x002022cb | 0xff | 0xff
[OK ]  |   716 | 0x002022cc | 0x99 | 0x99
[OK ]  |   717 | 0x002022cd | 0x37 | 0x37
[OK ]  |   718 | 0x002022ce | 0xfe | 0xfe
[OK ]  |   719 | 0x002022cf | 0xff | 0xff
[OK ]  |   720 | 0x002022d0 | 0x34 | 0x34
[OK ]  |   721 | 0x002022d1 | 0xe2 | 0xe2
[OK ]  |   722 | 0x002022d2 | 0xfb | 0xfb
[OK ]  |   723 | 0x002022d3 | 0xff | 0xff
[OK ]  |   724 | 0x002022d4 | 0xa8 | 0xa8
[OK ]  |   725 | 0x002022d5 | 0xf7 | 0xf7
[OK ]  |   726 | 0x002022d6 | 0x09 | 0x09
[OK ]  |   727 | 0x002022d7 | 0x00 | 0x00
[OK ]  |   728 | 0x002022d8 | 0xb9 | 0xb9
[OK ]  |   729 | 0x002022d9 | 0xa1 | 0xa1
[OK ]  |   730 | 0x002022da | 0x05 | 0x05
[OK ]  |   731 | 0x002022db | 0x00 | 0x00
[OK ]  |   732 | 0x002022dc | 0xc7 | 0xc7
[OK ]  |   733 | 0x002022dd | 0x9b | 0x9b
[OK ]  |   734 | 0x002022de | 0xf3 | 0xf3
[OK ]  |   735 | 0x002022df | 0xff | 0xff
[OK ]  |   736 | 0x002022e0 | 0x70 | 0x70
[OK ]  |   737 | 0x002022e1 | 0xb6 | 0xb6
[OK ]  |   738 | 0x002022e2 | 0xfd | 0xfd
[OK ]  |   739 | 0x002022e3 | 0xff | 0xff
[OK ]  |   740 | 0x002022e4 | 0x53 | 0x53
[OK ]  |   741 | 0x002022e5 | 0x1d | 0x1d
[OK ]  |   742 | 0x002022e6 | 0xf5 | 0xf5
[OK ]  |   743 | 0x002022e7 | 0xff | 0xff
[OK ]  |   744 | 0x002022e8 | 0xad | 0xad
[OK ]  |   745 | 0x002022e9 | 0x92 | 0x92
[OK ]  |   746 | 0x002022ea | 0xff | 0xff
[OK ]  |   747 | 0x002022eb | 0xff | 0xff
[OK ]  |   748 | 0x002022ec | 0xba | 0xba
[OK ]  |   749 | 0x002022ed | 0x32 | 0x32
[OK ]  |   750 | 0x002022ee | 0xfc | 0xfc
[OK ]  |   751 | 0x002022ef | 0xff | 0xff
[OK ]  |   752 | 0x002022f0 | 0xdc | 0xdc
[OK ]  |   753 | 0x002022f1 | 0x0a | 0x0a
[OK ]  |   754 | 0x002022f2 | 0x09 | 0x09
[OK ]  |   755 | 0x002022f3 | 0x00 | 0x00
[OK ]  |   756 | 0x002022f4 | 0x53 | 0x53
[OK ]  |   757 | 0x002022f5 | 0xfa | 0xfa
[OK ]  |   758 | 0x002022f6 | 0x02 | 0x02
[OK ]  |   759 | 0x002022f7 | 0x00 | 0x00
[OK ]  |   760 | 0x002022f8 | 0x81 | 0x81
[OK ]  |   761 | 0x002022f9 | 0x9b | 0x9b
[OK ]  |   762 | 0x002022fa | 0xf1 | 0xf1
[OK ]  |   763 | 0x002022fb | 0xff | 0xff
[OK ]  |   764 | 0x002022fc | 0x09 | 0x09
[OK ]  |   765 | 0x002022fd | 0xeb | 0xeb
[OK ]  |   766 | 0x002022fe | 0x0a | 0x0a
[OK ]  |   767 | 0x002022ff | 0x00 | 0x00
[OK ]  |   768 | 0x00202300 | 0x8b | 0x8b
[OK ]  |   769 | 0x00202301 | 0xba | 0xba
[OK ]  |   770 | 0x00202302 | 0x01 | 0x01
[OK ]  |   771 | 0x00202303 | 0x00 | 0x00
[OK ]  |   772 | 0x00202304 | 0xd4 | 0xd4
[OK ]  |   773 | 0x00202305 | 0xfa | 0xfa
[OK ]  |   774 | 0x00202306 | 0x08 | 0x08
[OK ]  |   775 | 0x00202307 | 0x00 | 0x00
[OK ]  |   776 | 0x00202308 | 0xc0 | 0xc0
[OK ]  |   777 | 0x00202309 | 0x40 | 0x40
[OK ]  |   778 | 0x0020230a | 0xef | 0xef
[OK ]  |   779 | 0x0020230b | 0xff | 0xff
[OK ]  |   780 | 0x0020230c | 0xff | 0xff
[OK ]  |   781 | 0x0020230d | 0x72 | 0x72
[OK ]  |   782 | 0x0020230e | 0x0e | 0x0e
[OK ]  |   783 | 0x0020230f | 0x00 | 0x00
[OK ]  |   784 | 0x00202310 | 0x9b | 0x9b
[OK ]  |   785 | 0x00202311 | 0x40 | 0x40
[OK ]  |   786 | 0x00202312 | 0x0b | 0x0b
[OK ]  |   787 | 0x00202313 | 0x00 | 0x00
[OK ]  |   788 | 0x00202314 | 0x34 | 0x34
[OK ]  |   789 | 0x00202315 | 0x0e | 0x0e
[OK ]  |   790 | 0x00202316 | 0x07 | 0x07
[OK ]  |   791 | 0x00202317 | 0x00 | 0x00
[OK ]  |   792 | 0x00202318 | 0x97 | 0x97
[OK ]  |   793 | 0x00202319 | 0x00 | 0x00
[OK ]  |   794 | 0x0020231a | 0xfd | 0xfd
[OK ]  |   795 | 0x0020231b | 0xff | 0xff
[OK ]  |   796 | 0x0020231c | 0xa2 | 0xa2
[OK ]  |   797 | 0x0020231d | 0x64 | 0x64
[OK ]  |   798 | 0x0020231e | 0x0d | 0x0d
[OK ]  |   799 | 0x0020231f | 0x00 | 0x00
[OK ]  |   800 | 0x00202320 | 0xd1 | 0xd1
[OK ]  |   801 | 0x00202321 | 0xfc | 0xfc
[OK ]  |   802 | 0x00202322 | 0xf3 | 0xf3
[OK ]  |   803 | 0x00202323 | 0xff | 0xff
[OK ]  |   804 | 0x00202324 | 0x34 | 0x34
[OK ]  |   805 | 0x00202325 | 0x7a | 0x7a
[OK ]  |   806 | 0x00202326 | 0x03 | 0x03
[OK ]  |   807 | 0x00202327 | 0x00 | 0x00
[OK ]  |   808 | 0x00202328 | 0xc6 | 0xc6
[OK ]  |   809 | 0x00202329 | 0xa0 | 0xa0
[OK ]  |   810 | 0x0020232a | 0xf8 | 0xf8
[OK ]  |   811 | 0x0020232b | 0xff | 0xff
[OK ]  |   812 | 0x0020232c | 0x9d | 0x9d
[OK ]  |   813 | 0x0020232d | 0xe7 | 0xe7
[OK ]  |   814 | 0x0020232e | 0x0b | 0x0b
[OK ]  |   815 | 0x0020232f | 0x00 | 0x00
[OK ]  |   816 | 0x00202330 | 0x2a | 0x2a
[OK ]  |   817 | 0x00202331 | 0xd9 | 0xd9
[OK ]  |   818 | 0x00202332 | 0x01 | 0x01
[OK ]  |   819 | 0x00202333 | 0x00 | 0x00
[OK ]  |   820 | 0x00202334 | 0xb1 | 0xb1
[OK ]  |   821 | 0x00202335 | 0xfc | 0xfc
[OK ]  |   822 | 0x00202336 | 0x04 | 0x04
[OK ]  |   823 | 0x00202337 | 0x00 | 0x00
[OK ]  |   824 | 0x00202338 | 0xf7 | 0xf7
[OK ]  |   825 | 0x00202339 | 0xc1 | 0xc1
[OK ]  |   826 | 0x0020233a | 0x0d | 0x0d
[OK ]  |   827 | 0x0020233b | 0x00 | 0x00
[OK ]  |   828 | 0x0020233c | 0x5d | 0x5d
[OK ]  |   829 | 0x0020233d | 0x67 | 0x67
[OK ]  |   830 | 0x0020233e | 0x03 | 0x03
[OK ]  |   831 | 0x0020233f | 0x00 | 0x00
[OK ]  |   832 | 0x00202340 | 0x64 | 0x64
[OK ]  |   833 | 0x00202341 | 0xdf | 0xdf
[OK ]  |   834 | 0x00202342 | 0xfe | 0xfe
[OK ]  |   835 | 0x00202343 | 0xff | 0xff
[OK ]  |   836 | 0x00202344 | 0x6a | 0x6a
[OK ]  |   837 | 0x00202345 | 0x74 | 0x74
[OK ]  |   838 | 0x00202346 | 0xf9 | 0xf9
[OK ]  |   839 | 0x00202347 | 0xff | 0xff
[OK ]  |   840 | 0x00202348 | 0xfd | 0xfd
[OK ]  |   841 | 0x00202349 | 0x5c | 0x5c
[OK ]  |   842 | 0x0020234a | 0x08 | 0x08
[OK ]  |   843 | 0x0020234b | 0x00 | 0x00
[OK ]  |   844 | 0x0020234c | 0xde | 0xde
[OK ]  |   845 | 0x0020234d | 0x42 | 0x42
[OK ]  |   846 | 0x0020234e | 0x00 | 0x00
[OK ]  |   847 | 0x0020234f | 0x00 | 0x00
[OK ]  |   848 | 0x00202350 | 0x60 | 0x60
[OK ]  |   849 | 0x00202351 | 0x93 | 0x93
[OK ]  |   850 | 0x00202352 | 0x08 | 0x08
[OK ]  |   851 | 0x00202353 | 0x00 | 0x00
[OK ]  |   852 | 0x00202354 | 0x4a | 0x4a
[OK ]  |   853 | 0x00202355 | 0x76 | 0x76
[OK ]  |   854 | 0x00202356 | 0xfb | 0xfb
[OK ]  |   855 | 0x00202357 | 0xff | 0xff
[OK ]  |   856 | 0x00202358 | 0x23 | 0x23
[OK ]  |   857 | 0x00202359 | 0xbf | 0xbf
[OK ]  |   858 | 0x0020235a | 0xf8 | 0xf8
[OK ]  |   859 | 0x0020235b | 0xff | 0xff
[OK ]  |   860 | 0x0020235c | 0x4f | 0x4f
[OK ]  |   861 | 0x0020235d | 0xd8 | 0xd8
[OK ]  |   862 | 0x0020235e | 0x01 | 0x01
[OK ]  |   863 | 0x0020235f | 0x00 | 0x00
[OK ]  |   864 | 0x00202360 | 0xa5 | 0xa5
[OK ]  |   865 | 0x00202361 | 0x09 | 0x09
[OK ]  |   866 | 0x00202362 | 0x05 | 0x05
[OK ]  |   867 | 0x00202363 | 0x00 | 0x00
[OK ]  |   868 | 0x00202364 | 0x48 | 0x48
[OK ]  |   869 | 0x00202365 | 0xe5 | 0xe5
[OK ]  |   870 | 0x00202366 | 0x03 | 0x03
[OK ]  |   871 | 0x00202367 | 0x00 | 0x00
[OK ]  |   872 | 0x00202368 | 0xed | 0xed
[OK ]  |   873 | 0x00202369 | 0xb9 | 0xb9
[OK ]  |   874 | 0x0020236a | 0xfb | 0xfb
[OK ]  |   875 | 0x0020236b | 0xff | 0xff
[OK ]  |   876 | 0x0020236c | 0xc8 | 0xc8
[OK ]  |   877 | 0x0020236d | 0x76 | 0x76
[OK ]  |   878 | 0x0020236e | 0xfd | 0xfd
[OK ]  |   879 | 0x0020236f | 0xff | 0xff
[OK ]  |   880 | 0x00202370 | 0x46 | 0x46
[OK ]  |   881 | 0x00202371 | 0xa0 | 0xa0
[OK ]  |   882 | 0x00202372 | 0x11 | 0x11
[OK ]  |   883 | 0x00202373 | 0x00 | 0x00
[OK ]  |   884 | 0x00202374 | 0x45 | 0x45
[OK ]  |   885 | 0x00202375 | 0x09 | 0x09
[OK ]  |   886 | 0x00202376 | 0xfc | 0xfc
[OK ]  |   887 | 0x00202377 | 0xff | 0xff
[OK ]  |   888 | 0x00202378 | 0x27 | 0x27
[OK ]  |   889 | 0x00202379 | 0x34 | 0x34
[OK ]  |   890 | 0x0020237a | 0xfc | 0xfc
[OK ]  |   891 | 0x0020237b | 0xff | 0xff
[OK ]  |   892 | 0x0020237c | 0xf9 | 0xf9
[OK ]  |   893 | 0x0020237d | 0xea | 0xea
[OK ]  |   894 | 0x0020237e | 0xfb | 0xfb
[OK ]  |   895 | 0x0020237f | 0xff | 0xff
[OK ]  |   896 | 0x00202380 | 0xcd | 0xcd
[OK ]  |   897 | 0x00202381 | 0xf7 | 0xf7
[OK ]  |   898 | 0x00202382 | 0x06 | 0x06
[OK ]  |   899 | 0x00202383 | 0x00 | 0x00
[OK ]  |   900 | 0x00202384 | 0xac | 0xac
[OK ]  |   901 | 0x00202385 | 0x50 | 0x50
[OK ]  |   902 | 0x00202386 | 0x01 | 0x01
[OK ]  |   903 | 0x00202387 | 0x00 | 0x00
[OK ]  |   904 | 0x00202388 | 0xa6 | 0xa6
[OK ]  |   905 | 0x00202389 | 0x95 | 0x95
[OK ]  |   906 | 0x0020238a | 0xf8 | 0xf8
[OK ]  |   907 | 0x0020238b | 0xff | 0xff
[OK ]  |   908 | 0x0020238c | 0xa3 | 0xa3
[OK ]  |   909 | 0x0020238d | 0x68 | 0x68
[OK ]  |   910 | 0x0020238e | 0xfb | 0xfb
[OK ]  |   911 | 0x0020238f | 0xff | 0xff
[OK ]  |   912 | 0x00202390 | 0x35 | 0x35
[OK ]  |   913 | 0x00202391 | 0x63 | 0x63
[OK ]  |   914 | 0x00202392 | 0x06 | 0x06
[OK ]  |   915 | 0x00202393 | 0x00 | 0x00
[OK ]  |   916 | 0x00202394 | 0x05 | 0x05
[OK ]  |   917 | 0x00202395 | 0xe1 | 0xe1
[OK ]  |   918 | 0x00202396 | 0xf1 | 0xf1
[OK ]  |   919 | 0x00202397 | 0xff | 0xff
[OK ]  |   920 | 0x00202398 | 0x69 | 0x69
[OK ]  |   921 | 0x00202399 | 0xc3 | 0xc3
[OK ]  |   922 | 0x0020239a | 0x07 | 0x07
[OK ]  |   923 | 0x0020239b | 0x00 | 0x00
[OK ]  |   924 | 0x0020239c | 0xf7 | 0xf7
[OK ]  |   925 | 0x0020239d | 0x26 | 0x26
[OK ]  |   926 | 0x0020239e | 0xf3 | 0xf3
[OK ]  |   927 | 0x0020239f | 0xff | 0xff
[OK ]  |   928 | 0x002023a0 | 0x80 | 0x80
[OK ]  |   929 | 0x002023a1 | 0xf1 | 0xf1
[OK ]  |   930 | 0x002023a2 | 0xf8 | 0xf8
[OK ]  |   931 | 0x002023a3 | 0xff | 0xff
[OK ]  |   932 | 0x002023a4 | 0x7a | 0x7a
[OK ]  |   933 | 0x002023a5 | 0xe7 | 0xe7
[OK ]  |   934 | 0x002023a6 | 0xef | 0xef
[OK ]  |   935 | 0x002023a7 | 0xff | 0xff
[OK ]  |   936 | 0x002023a8 | 0xd6 | 0xd6
[OK ]  |   937 | 0x002023a9 | 0x20 | 0x20
[OK ]  |   938 | 0x002023aa | 0xfc | 0xfc
[OK ]  |   939 | 0x002023ab | 0xff | 0xff
[OK ]  |   940 | 0x002023ac | 0x16 | 0x16
[OK ]  |   941 | 0x002023ad | 0x5d | 0x5d
[OK ]  |   942 | 0x002023ae | 0xf3 | 0xf3
[OK ]  |   943 | 0x002023af | 0xff | 0xff
[OK ]  |   944 | 0x002023b0 | 0xce | 0xce
[OK ]  |   945 | 0x002023b1 | 0x1d | 0x1d
[OK ]  |   946 | 0x002023b2 | 0xf1 | 0xf1
[OK ]  |   947 | 0x002023b3 | 0xff | 0xff
[OK ]  |   948 | 0x002023b4 | 0xfd | 0xfd
[OK ]  |   949 | 0x002023b5 | 0xe2 | 0xe2
[OK ]  |   950 | 0x002023b6 | 0xfe | 0xfe
[OK ]  |   951 | 0x002023b7 | 0xff | 0xff
[OK ]  |   952 | 0x002023b8 | 0xd5 | 0xd5
[OK ]  |   953 | 0x002023b9 | 0x1e | 0x1e
[OK ]  |   954 | 0x002023ba | 0x01 | 0x01
[OK ]  |   955 | 0x002023bb | 0x00 | 0x00
[OK ]  |   956 | 0x002023bc | 0xb6 | 0xb6
[OK ]  |   957 | 0x002023bd | 0xcc | 0xcc
[OK ]  |   958 | 0x002023be | 0x0d | 0x0d
[OK ]  |   959 | 0x002023bf | 0x00 | 0x00
[OK ]  |   960 | 0x002023c0 | 0xb1 | 0xb1
[OK ]  |   961 | 0x002023c1 | 0x07 | 0x07
[OK ]  |   962 | 0x002023c2 | 0x0f | 0x0f
[OK ]  |   963 | 0x002023c3 | 0x00 | 0x00
[OK ]  |   964 | 0x002023c4 | 0xcc | 0xcc
[OK ]  |   965 | 0x002023c5 | 0xbc | 0xbc
[OK ]  |   966 | 0x002023c6 | 0xf8 | 0xf8
[OK ]  |   967 | 0x002023c7 | 0xff | 0xff
[OK ]  |   968 | 0x002023c8 | 0xe8 | 0xe8
[OK ]  |   969 | 0x002023c9 | 0x8f | 0x8f
[OK ]  |   970 | 0x002023ca | 0xfd | 0xfd
[OK ]  |   971 | 0x002023cb | 0xff | 0xff
[OK ]  |   972 | 0x002023cc | 0xdb | 0xdb
[OK ]  |   973 | 0x002023cd | 0xe7 | 0xe7
[OK ]  |   974 | 0x002023ce | 0xfd | 0xfd
[OK ]  |   975 | 0x002023cf | 0xff | 0xff
[OK ]  |   976 | 0x002023d0 | 0x75 | 0x75
[OK ]  |   977 | 0x002023d1 | 0x09 | 0x09
[OK ]  |   978 | 0x002023d2 | 0x0e | 0x0e
[OK ]  |   979 | 0x002023d3 | 0x00 | 0x00
[OK ]  |   980 | 0x002023d4 | 0x97 | 0x97
[OK ]  |   981 | 0x002023d5 | 0xe3 | 0xe3
[OK ]  |   982 | 0x002023d6 | 0xfd | 0xfd
[OK ]  |   983 | 0x002023d7 | 0xff | 0xff
[OK ]  |   984 | 0x002023d8 | 0xcd | 0xcd
[OK ]  |   985 | 0x002023d9 | 0x4b | 0x4b
[OK ]  |   986 | 0x002023da | 0x10 | 0x10
[OK ]  |   987 | 0x002023db | 0x00 | 0x00
[OK ]  |   988 | 0x002023dc | 0x6f | 0x6f
[OK ]  |   989 | 0x002023dd | 0xcd | 0xcd
[OK ]  |   990 | 0x002023de | 0x05 | 0x05
[OK ]  |   991 | 0x002023df | 0x00 | 0x00
[OK ]  |   992 | 0x002023e0 | 0xd5 | 0xd5
[OK ]  |   993 | 0x002023e1 | 0x89 | 0x89
[OK ]  |   994 | 0x002023e2 | 0x0c | 0x0c
[OK ]  |   995 | 0x002023e3 | 0x00 | 0x00
[OK ]  |   996 | 0x002023e4 | 0xbf | 0xbf
[OK ]  |   997 | 0x002023e5 | 0x52 | 0x52
[OK ]  |   998 | 0x002023e6 | 0x04 | 0x04
[OK ]  |   999 | 0x002023e7 | 0x00 | 0x00
[OK ]  |  1000 | 0x002023e8 | 0x65 | 0x65
[OK ]  |  1001 | 0x002023e9 | 0xe7 | 0xe7
[OK ]  |  1002 | 0x002023ea | 0xfb | 0xfb
[OK ]  |  1003 | 0x002023eb | 0xff | 0xff
[OK ]  |  1004 | 0x002023ec | 0x08 | 0x08
[OK ]  |  1005 | 0x002023ed | 0x9d | 0x9d
[OK ]  |  1006 | 0x002023ee | 0x0d | 0x0d
[OK ]  |  1007 | 0x002023ef | 0x00 | 0x00
[OK ]  |  1008 | 0x002023f0 | 0x41 | 0x41
[OK ]  |  1009 | 0x002023f1 | 0x0c | 0x0c
[OK ]  |  1010 | 0x002023f2 | 0x0f | 0x0f
[OK ]  |  1011 | 0x002023f3 | 0x00 | 0x00
[OK ]  |  1012 | 0x002023f4 | 0x21 | 0x21
[OK ]  |  1013 | 0x002023f5 | 0x8a | 0x8a
[OK ]  |  1014 | 0x002023f6 | 0xf6 | 0xf6
[OK ]  |  1015 | 0x002023f7 | 0xff | 0xff
[OK ]  |  1016 | 0x002023f8 | 0x9b | 0x9b
[OK ]  |  1017 | 0x002023f9 | 0x5b | 0x5b
[OK ]  |  1018 | 0x002023fa | 0x09 | 0x09
[OK ]  |  1019 | 0x002023fb | 0x00 | 0x00
[OK ]  |  1020 | 0x002023fc | 0x72 | 0x72
[OK ]  |  1021 | 0x002023fd | 0x6e | 0x6e
[OK ]  |  1022 | 0x002023fe | 0xfb | 0xfb
[OK ]  |  1023 | 0x002023ff | 0xff | 0xff
--------------------------------------------------
[PASS] All 1024 bytes matched.
--------------------------------------------------
