#######################################################################################
# fsdb.xxxxx.log : log primitive debug message of FSDB Reader
# This is for R&D to analyze when there are issues happening when FSDB reading
# The corresponding FSDB file is /home/users/yves6512/Project/hardware/build/top.fsdb
#######################################################################################
[BASIC]Reader version : Chronologic Simulation VCS Release V-2023.12_Full64
[BASIC]simulator version : Chronologic Simulation VCS Release V-2023.12_Full64
[BASIC]dumper version : FSDB Dumper for VCS, Release Verdi_V-2023.12, Linux x86_64/64bit, 11/15/2023
[THREAD]The MTR thread count is 9
[THREAD]Secondary thread count: 4
[PERF]VC decompress count : 5
[PERF]VCChain decompress count : 7
[PERF]VC decompress count : 6
[PERF]VCChain decompress count : 4
[PERF]VC decompress count : 6
[PERF]VCChain decompress count : 3
[PERF]VC decompress count : 6
[PERF]VCChain decompress count : 7
[PERF]VC decompress count : 5
[PERF]VCChain decompress count : 5
[PERF]VC decompress count : 7
[PERF]VCChain decompress count : 7
[PERF]VC decompress count : 5
[PERF]VCChain decompress count : 4
[PERF]VC decompress count : 5
[PERF]VCChain decompress count : 5
[READSCOPE]ReadScopeTree calling time is 1
[READSCOPE]ReadScope_PartialLoad calling time is 0
[READSCOPE]Scope read by partial load count is 0
[READSCOPE]Scope read count is 2
[READSCOPE]Decompressed blk is 1
[MAXCHAIN]Decompressed cnt 8
[PERF]VC decompress count : 11
[PERF]VCChain decompress count : 4
[FSDBGate Info] start
[FSDBGate Info] Total fhdb_compute_count = 40000421
[FSDBGate Info] end
